// Jest Snapshot v1, https://goo.gl/fbAQLP

exports[`unsupported jsdoc tag 1`] = `
"
import okay from 'okay'
"
`;
