// Jest Snapshot v1, https://goo.gl/fbAQLP

exports[`should lint correctly 1`] = `
"function ExplicitFixtureLocation() {
}

ExplicitFixtureLocation()
~~~~~~~~~~~~~~~~~~~~~~~ [1]

[1] local function names should be camelCase"
`;
